// Jest Snapshot v1, https://goo.gl/fbAQLP

exports[`Header 1`] = `
<header
  className="header"
>
  <h3>
    Game of Thrones
  </h3>
</header>
`;
