// Jest Snapshot v1, https://goo.gl/fbAQLP

exports[`CharacterList 1`] = `
<Scrollable>
  <ul
    className="characterList"
  >
    <li
      key="1"
    >
      <Character
        id={1}
      />
    </li>
    <li
      key="2"
    >
      <Character
        id={2}
      />
    </li>
    <li
      key="3"
    >
      <Character
        id={3}
      />
    </li>
    <li
      key="4"
    >
      <Character
        id={4}
      />
    </li>
  </ul>
</Scrollable>
`;
