// Jest Snapshot v1, https://goo.gl/fbAQLP

exports[`Loading 1`] = `
<a
  className="loading"
>
  Loading...
</a>
`;
