// Jest Snapshot v1, https://goo.gl/fbAQLP

exports[`Logo 1`] = `
<Link
  className="logo"
  replace={false}
  to="/"
>
  <img
    alt="Dice Logo"
    src="dice-logo.png"
    styles={
      Object {
        "marginRigth": "8px",
      }
    }
  />
  <strong>
    RPG Manager
  </strong>
</Link>
`;
